[0;40;34mлллллллллллллллллллллллллллллллллллллллллллллллллллллллллллллллллллллллллллллллллллллллллллллллллллллллллллллллллллллллллллллллллллллллллллллллллллллллллллллллллллллллллллллллллллллллллллллллллллллллллллллллллллллллллллллллллллллллллллллллллл[37m[76C[34mлллл[37m[76C[34mлллл[37m[76C[34mлллл[37m[76C[34mлллл[37m[76C[34mлллл[37m[76C[34mлллл[37m[76C[34mлллл[37m[76C[34mлллл[37m[76C[34mлллл[37m[76C[34mлллл[37m[76C[34mлллл[37m[76C[34mлллл[37m[76C[34mлллл[37m[76C[34mлллл[37m[76C[34mлллл[37m[76C[34mлллл[37m[76C[34mлллл[76Cлллллллллллллллллллллллллллллллллллллллллллллллллллллллллллллллллллллллллллллллллллллллллллллллллллллллллллллллллллллллллллллллллллллллллллллллллллллллллллллллллл